*** EVALUATION ***
PROGRAM "F:\parai@foxmail.com\github\gainos-tk\bin\mc9s12dp512\Project\bin\Project.abs"

*********************************************************************************************
TARGET SECTION
---------------------------------------------------------------------------------------------
Processor   : Freescale HC12
Memory Model: BANKED
File Format : ELF\DWARF 2.0
Linker      : SmartLinker V-5.0.36 Build 9056, Feb 26 2009

*********************************************************************************************
FILE SECTION
---------------------------------------------------------------------------------------------
mc9s12dp512.c.o                         Model: BANKED,        Lang: ANSI-C
main.c.o                                Model: BANKED,        Lang: ANSI-C
Start12.c.o                             Model: BANKED,        Lang: ANSI-C
STRING.C.o (ansibi.lib)                 Model: BANKED,        Lang: ANSI-C
rtshc12.c.o (ansibi.lib)                Model: BANKED,        Lang: ANSI-C
osek_osctrl.c.o                         Model: BANKED,        Lang: ANSI-C
osek_task.c.o                           Model: BANKED,        Lang: ANSI-C
knl_misc.c.o                            Model: BANKED,        Lang: ANSI-C
osek_cfg.c.o                            Model: BANKED,        Lang: ANSI-C
knl_task.c.o                            Model: BANKED,        Lang: ANSI-C
knl_bitop.c.o                           Model: BANKED,        Lang: ANSI-C
vPort.c.o                               Model: BANKED,        Lang: ANSI-C

*********************************************************************************************
STARTUP SECTION
---------------------------------------------------------------------------------------------
Entry point: 0xC000 (_Startup)
_startupData is allocated at 0xC00B and uses 6 Bytes
extern struct _tagStartup {
  unsigned nofZeroOut     1
  _Range   pZeroOut       0x900     1737
  _Copy    *toCopyDownBeg 0xC07C
} _startupData;

*********************************************************************************************
SECTION-ALLOCATION SECTION
Section Name                    Size  Type     From       To       Segment
---------------------------------------------------------------------------------------------
.init                             11     R     0xC000     0xC00A   ROM_C000
.startData                        10     R     0xC00B     0xC014   ROM_C000
NON_BANKED                       103     R     0xC015     0xC07B   ROM_C000
.copy                             45     R     0xC07C     0xC0A8   ROM_C000
.text                           1016     R   0x208000   0x2083F7   PAGE_20
.stack                           256   R/W      0x800      0x8FF   RAM
.data                             53   R/W      0x900      0x934   RAM
.abs_section_8                     1   N/I        0x8        0x8   .absSeg0
.abs_section_9                     1   N/I        0x9        0x9   .absSeg1
.abs_section_a                     1   N/I        0xA        0xA   .absSeg2
.abs_section_b                     1   N/I        0xB        0xB   .absSeg3
.abs_section_c                     1   N/I        0xC        0xC   .absSeg4
.abs_section_d                     1   N/I        0xD        0xD   .absSeg5
.abs_section_e                     1   N/I        0xE        0xE   .absSeg6
.abs_section_10                    1   N/I       0x10       0x10   .absSeg7
.abs_section_11                    1   N/I       0x11       0x11   .absSeg8
.abs_section_12                    1   N/I       0x12       0x12   .absSeg9
.abs_section_13                    1   N/I       0x13       0x13   .absSeg10
.abs_section_15                    1   N/I       0x15       0x15   .absSeg11
.abs_section_16                    1   N/I       0x16       0x16   .absSeg12
.abs_section_1c                    1   N/I       0x1C       0x1C   .absSeg13
.abs_section_1d                    1   N/I       0x1D       0x1D   .absSeg14
.abs_section_1e                    1   N/I       0x1E       0x1E   .absSeg15
.abs_section_1f                    1   N/I       0x1F       0x1F   .absSeg16
.abs_section_28                    1   N/I       0x28       0x28   .absSeg17
.abs_section_29                    1   N/I       0x29       0x29   .absSeg18
.abs_section_2a                    1   N/I       0x2A       0x2A   .absSeg19
.abs_section_2b                    1   N/I       0x2B       0x2B   .absSeg20
.abs_section_2c                    1   N/I       0x2C       0x2C   .absSeg21
.abs_section_2d                    1   N/I       0x2D       0x2D   .absSeg22
.abs_section_2e                    1   N/I       0x2E       0x2E   .absSeg23
.abs_section_2f                    1   N/I       0x2F       0x2F   .absSeg24
.abs_section_30                    1   N/I       0x30       0x30   .absSeg25
.abs_section_32                    1   N/I       0x32       0x32   .absSeg26
.abs_section_33                    1   N/I       0x33       0x33   .absSeg27
.abs_section_34                    1   N/I       0x34       0x34   .absSeg28
.abs_section_35                    1   N/I       0x35       0x35   .absSeg29
.abs_section_37                    1   N/I       0x37       0x37   .absSeg30
.abs_section_38                    1   N/I       0x38       0x38   .absSeg31
.abs_section_39                    1   N/I       0x39       0x39   .absSeg32
.abs_section_3a                    1   N/I       0x3A       0x3A   .absSeg33
.abs_section_3b                    1   N/I       0x3B       0x3B   .absSeg34
.abs_section_3c                    1   N/I       0x3C       0x3C   .absSeg35
.abs_section_3f                    1   N/I       0x3F       0x3F   .absSeg36
.abs_section_40                    1   N/I       0x40       0x40   .absSeg37
.abs_section_41                    1   N/I       0x41       0x41   .absSeg38
.abs_section_42                    1   N/I       0x42       0x42   .absSeg39
.abs_section_43                    1   N/I       0x43       0x43   .absSeg40
.abs_section_46                    1   N/I       0x46       0x46   .absSeg41
.abs_section_47                    1   N/I       0x47       0x47   .absSeg42
.abs_section_48                    1   N/I       0x48       0x48   .absSeg43
.abs_section_49                    1   N/I       0x49       0x49   .absSeg44
.abs_section_4a                    1   N/I       0x4A       0x4A   .absSeg45
.abs_section_4b                    1   N/I       0x4B       0x4B   .absSeg46
.abs_section_4c                    1   N/I       0x4C       0x4C   .absSeg47
.abs_section_4d                    1   N/I       0x4D       0x4D   .absSeg48
.abs_section_4e                    1   N/I       0x4E       0x4E   .absSeg49
.abs_section_4f                    1   N/I       0x4F       0x4F   .absSeg50
.abs_section_60                    1   N/I       0x60       0x60   .absSeg51
.abs_section_61                    1   N/I       0x61       0x61   .absSeg52
.abs_section_66                    1   N/I       0x66       0x66   .absSeg53
.abs_section_67                    1   N/I       0x67       0x67   .absSeg54
.abs_section_68                    1   N/I       0x68       0x68   .absSeg55
.abs_section_69                    1   N/I       0x69       0x69   .absSeg56
.abs_section_6a                    1   N/I       0x6A       0x6A   .absSeg57
.abs_section_6b                    1   N/I       0x6B       0x6B   .absSeg58
.abs_section_70                    1   N/I       0x70       0x70   .absSeg59
.abs_section_71                    1   N/I       0x71       0x71   .absSeg60
.abs_section_86                    1   N/I       0x86       0x86   .absSeg61
.abs_section_89                    1   N/I       0x89       0x89   .absSeg62
.abs_section_8b                    1   N/I       0x8B       0x8B   .absSeg63
.abs_section_8d                    1   N/I       0x8D       0x8D   .absSeg64
.abs_section_8f                    1   N/I       0x8F       0x8F   .absSeg65
.abs_section_a0                    1   N/I       0xA0       0xA0   .absSeg66
.abs_section_a1                    1   N/I       0xA1       0xA1   .absSeg67
.abs_section_a2                    1   N/I       0xA2       0xA2   .absSeg68
.abs_section_a3                    1   N/I       0xA3       0xA3   .absSeg69
.abs_section_a4                    1   N/I       0xA4       0xA4   .absSeg70
.abs_section_a5                    1   N/I       0xA5       0xA5   .absSeg71
.abs_section_a8                    1   N/I       0xA8       0xA8   .absSeg72
.abs_section_a9                    1   N/I       0xA9       0xA9   .absSeg73
.abs_section_c4                    1   N/I       0xC4       0xC4   .absSeg74
.abs_section_ca                    1   N/I       0xCA       0xCA   .absSeg75
.abs_section_cb                    1   N/I       0xCB       0xCB   .absSeg76
.abs_section_cc                    1   N/I       0xCC       0xCC   .absSeg77
.abs_section_cd                    1   N/I       0xCD       0xCD   .absSeg78
.abs_section_ce                    1   N/I       0xCE       0xCE   .absSeg79
.abs_section_cf                    1   N/I       0xCF       0xCF   .absSeg80
.abs_section_d2                    1   N/I       0xD2       0xD2   .absSeg81
.abs_section_d3                    1   N/I       0xD3       0xD3   .absSeg82
.abs_section_d4                    1   N/I       0xD4       0xD4   .absSeg83
.abs_section_d5                    1   N/I       0xD5       0xD5   .absSeg84
.abs_section_d6                    1   N/I       0xD6       0xD6   .absSeg85
.abs_section_d7                    1   N/I       0xD7       0xD7   .absSeg86
.abs_section_d8                    1   N/I       0xD8       0xD8   .absSeg87
.abs_section_d9                    1   N/I       0xD9       0xD9   .absSeg88
.abs_section_da                    1   N/I       0xDA       0xDA   .absSeg89
.abs_section_db                    1   N/I       0xDB       0xDB   .absSeg90
.abs_section_dd                    1   N/I       0xDD       0xDD   .absSeg91
.abs_section_e0                    1   N/I       0xE0       0xE0   .absSeg92
.abs_section_e1                    1   N/I       0xE1       0xE1   .absSeg93
.abs_section_e2                    1   N/I       0xE2       0xE2   .absSeg94
.abs_section_e3                    1   N/I       0xE3       0xE3   .absSeg95
.abs_section_e4                    1   N/I       0xE4       0xE4   .absSeg96
.abs_section_e8                    1   N/I       0xE8       0xE8   .absSeg97
.abs_section_e9                    1   N/I       0xE9       0xE9   .absSeg98
.abs_section_ea                    1   N/I       0xEA       0xEA   .absSeg99
.abs_section_eb                    1   N/I       0xEB       0xEB   .absSeg100
.abs_section_ec                    1   N/I       0xEC       0xEC   .absSeg101
.abs_section_ed                    1   N/I       0xED       0xED   .absSeg102
.abs_section_ee                    1   N/I       0xEE       0xEE   .absSeg103
.abs_section_f0                    1   N/I       0xF0       0xF0   .absSeg104
.abs_section_f1                    1   N/I       0xF1       0xF1   .absSeg105
.abs_section_f2                    1   N/I       0xF2       0xF2   .absSeg106
.abs_section_f3                    1   N/I       0xF3       0xF3   .absSeg107
.abs_section_f5                    1   N/I       0xF5       0xF5   .absSeg108
.abs_section_f8                    1   N/I       0xF8       0xF8   .absSeg109
.abs_section_f9                    1   N/I       0xF9       0xF9   .absSeg110
.abs_section_fa                    1   N/I       0xFA       0xFA   .absSeg111
.abs_section_fb                    1   N/I       0xFB       0xFB   .absSeg112
.abs_section_fd                    1   N/I       0xFD       0xFD   .absSeg113
.abs_section_100                   1   N/I      0x100      0x100   .absSeg114
.abs_section_101                   1   N/I      0x101      0x101   .absSeg115
.abs_section_103                   1   N/I      0x103      0x103   .absSeg116
.abs_section_104                   1   N/I      0x104      0x104   .absSeg117
.abs_section_105                   1   N/I      0x105      0x105   .absSeg118
.abs_section_106                   1   N/I      0x106      0x106   .absSeg119
.abs_section_110                   1   N/I      0x110      0x110   .absSeg120
.abs_section_113                   1   N/I      0x113      0x113   .absSeg121
.abs_section_114                   1   N/I      0x114      0x114   .absSeg122
.abs_section_115                   1   N/I      0x115      0x115   .absSeg123
.abs_section_116                   1   N/I      0x116      0x116   .absSeg124
.abs_section_126                   1   N/I      0x126      0x126   .absSeg125
.abs_section_129                   1   N/I      0x129      0x129   .absSeg126
.abs_section_12b                   1   N/I      0x12B      0x12B   .absSeg127
.abs_section_12d                   1   N/I      0x12D      0x12D   .absSeg128
.abs_section_12f                   1   N/I      0x12F      0x12F   .absSeg129
.abs_section_140                   1   N/I      0x140      0x140   .absSeg130
.abs_section_141                   1   N/I      0x141      0x141   .absSeg131
.abs_section_142                   1   N/I      0x142      0x142   .absSeg132
.abs_section_143                   1   N/I      0x143      0x143   .absSeg133
.abs_section_144                   1   N/I      0x144      0x144   .absSeg134
.abs_section_145                   1   N/I      0x145      0x145   .absSeg135
.abs_section_146                   1   N/I      0x146      0x146   .absSeg136
.abs_section_147                   1   N/I      0x147      0x147   .absSeg137
.abs_section_148                   1   N/I      0x148      0x148   .absSeg138
.abs_section_149                   1   N/I      0x149      0x149   .absSeg139
.abs_section_14a                   1   N/I      0x14A      0x14A   .absSeg140
.abs_section_14b                   1   N/I      0x14B      0x14B   .absSeg141
.abs_section_14e                   1   N/I      0x14E      0x14E   .absSeg142
.abs_section_14f                   1   N/I      0x14F      0x14F   .absSeg143
.abs_section_150                   1   N/I      0x150      0x150   .absSeg144
.abs_section_151                   1   N/I      0x151      0x151   .absSeg145
.abs_section_152                   1   N/I      0x152      0x152   .absSeg146
.abs_section_153                   1   N/I      0x153      0x153   .absSeg147
.abs_section_154                   1   N/I      0x154      0x154   .absSeg148
.abs_section_155                   1   N/I      0x155      0x155   .absSeg149
.abs_section_156                   1   N/I      0x156      0x156   .absSeg150
.abs_section_157                   1   N/I      0x157      0x157   .absSeg151
.abs_section_158                   1   N/I      0x158      0x158   .absSeg152
.abs_section_159                   1   N/I      0x159      0x159   .absSeg153
.abs_section_15a                   1   N/I      0x15A      0x15A   .absSeg154
.abs_section_15b                   1   N/I      0x15B      0x15B   .absSeg155
.abs_section_15c                   1   N/I      0x15C      0x15C   .absSeg156
.abs_section_15d                   1   N/I      0x15D      0x15D   .absSeg157
.abs_section_15e                   1   N/I      0x15E      0x15E   .absSeg158
.abs_section_15f                   1   N/I      0x15F      0x15F   .absSeg159
.abs_section_160                   1   N/I      0x160      0x160   .absSeg160
.abs_section_161                   1   N/I      0x161      0x161   .absSeg161
.abs_section_162                   1   N/I      0x162      0x162   .absSeg162
.abs_section_163                   1   N/I      0x163      0x163   .absSeg163
.abs_section_164                   1   N/I      0x164      0x164   .absSeg164
.abs_section_165                   1   N/I      0x165      0x165   .absSeg165
.abs_section_166                   1   N/I      0x166      0x166   .absSeg166
.abs_section_167                   1   N/I      0x167      0x167   .absSeg167
.abs_section_168                   1   N/I      0x168      0x168   .absSeg168
.abs_section_169                   1   N/I      0x169      0x169   .absSeg169
.abs_section_16a                   1   N/I      0x16A      0x16A   .absSeg170
.abs_section_16b                   1   N/I      0x16B      0x16B   .absSeg171
.abs_section_16c                   1   N/I      0x16C      0x16C   .absSeg172
.abs_section_170                   1   N/I      0x170      0x170   .absSeg173
.abs_section_171                   1   N/I      0x171      0x171   .absSeg174
.abs_section_172                   1   N/I      0x172      0x172   .absSeg175
.abs_section_173                   1   N/I      0x173      0x173   .absSeg176
.abs_section_174                   1   N/I      0x174      0x174   .absSeg177
.abs_section_175                   1   N/I      0x175      0x175   .absSeg178
.abs_section_176                   1   N/I      0x176      0x176   .absSeg179
.abs_section_177                   1   N/I      0x177      0x177   .absSeg180
.abs_section_178                   1   N/I      0x178      0x178   .absSeg181
.abs_section_179                   1   N/I      0x179      0x179   .absSeg182
.abs_section_17a                   1   N/I      0x17A      0x17A   .absSeg183
.abs_section_17b                   1   N/I      0x17B      0x17B   .absSeg184
.abs_section_17c                   1   N/I      0x17C      0x17C   .absSeg185
.abs_section_17d                   1   N/I      0x17D      0x17D   .absSeg186
.abs_section_180                   1   N/I      0x180      0x180   .absSeg187
.abs_section_181                   1   N/I      0x181      0x181   .absSeg188
.abs_section_182                   1   N/I      0x182      0x182   .absSeg189
.abs_section_183                   1   N/I      0x183      0x183   .absSeg190
.abs_section_184                   1   N/I      0x184      0x184   .absSeg191
.abs_section_185                   1   N/I      0x185      0x185   .absSeg192
.abs_section_186                   1   N/I      0x186      0x186   .absSeg193
.abs_section_187                   1   N/I      0x187      0x187   .absSeg194
.abs_section_188                   1   N/I      0x188      0x188   .absSeg195
.abs_section_189                   1   N/I      0x189      0x189   .absSeg196
.abs_section_18a                   1   N/I      0x18A      0x18A   .absSeg197
.abs_section_18b                   1   N/I      0x18B      0x18B   .absSeg198
.abs_section_18e                   1   N/I      0x18E      0x18E   .absSeg199
.abs_section_18f                   1   N/I      0x18F      0x18F   .absSeg200
.abs_section_190                   1   N/I      0x190      0x190   .absSeg201
.abs_section_191                   1   N/I      0x191      0x191   .absSeg202
.abs_section_192                   1   N/I      0x192      0x192   .absSeg203
.abs_section_193                   1   N/I      0x193      0x193   .absSeg204
.abs_section_194                   1   N/I      0x194      0x194   .absSeg205
.abs_section_195                   1   N/I      0x195      0x195   .absSeg206
.abs_section_196                   1   N/I      0x196      0x196   .absSeg207
.abs_section_197                   1   N/I      0x197      0x197   .absSeg208
.abs_section_198                   1   N/I      0x198      0x198   .absSeg209
.abs_section_199                   1   N/I      0x199      0x199   .absSeg210
.abs_section_19a                   1   N/I      0x19A      0x19A   .absSeg211
.abs_section_19b                   1   N/I      0x19B      0x19B   .absSeg212
.abs_section_19c                   1   N/I      0x19C      0x19C   .absSeg213
.abs_section_19d                   1   N/I      0x19D      0x19D   .absSeg214
.abs_section_19e                   1   N/I      0x19E      0x19E   .absSeg215
.abs_section_19f                   1   N/I      0x19F      0x19F   .absSeg216
.abs_section_1a0                   1   N/I      0x1A0      0x1A0   .absSeg217
.abs_section_1a1                   1   N/I      0x1A1      0x1A1   .absSeg218
.abs_section_1a2                   1   N/I      0x1A2      0x1A2   .absSeg219
.abs_section_1a3                   1   N/I      0x1A3      0x1A3   .absSeg220
.abs_section_1a4                   1   N/I      0x1A4      0x1A4   .absSeg221
.abs_section_1a5                   1   N/I      0x1A5      0x1A5   .absSeg222
.abs_section_1a6                   1   N/I      0x1A6      0x1A6   .absSeg223
.abs_section_1a7                   1   N/I      0x1A7      0x1A7   .absSeg224
.abs_section_1a8                   1   N/I      0x1A8      0x1A8   .absSeg225
.abs_section_1a9                   1   N/I      0x1A9      0x1A9   .absSeg226
.abs_section_1aa                   1   N/I      0x1AA      0x1AA   .absSeg227
.abs_section_1ab                   1   N/I      0x1AB      0x1AB   .absSeg228
.abs_section_1ac                   1   N/I      0x1AC      0x1AC   .absSeg229
.abs_section_1b0                   1   N/I      0x1B0      0x1B0   .absSeg230
.abs_section_1b1                   1   N/I      0x1B1      0x1B1   .absSeg231
.abs_section_1b2                   1   N/I      0x1B2      0x1B2   .absSeg232
.abs_section_1b3                   1   N/I      0x1B3      0x1B3   .absSeg233
.abs_section_1b4                   1   N/I      0x1B4      0x1B4   .absSeg234
.abs_section_1b5                   1   N/I      0x1B5      0x1B5   .absSeg235
.abs_section_1b6                   1   N/I      0x1B6      0x1B6   .absSeg236
.abs_section_1b7                   1   N/I      0x1B7      0x1B7   .absSeg237
.abs_section_1b8                   1   N/I      0x1B8      0x1B8   .absSeg238
.abs_section_1b9                   1   N/I      0x1B9      0x1B9   .absSeg239
.abs_section_1ba                   1   N/I      0x1BA      0x1BA   .absSeg240
.abs_section_1bb                   1   N/I      0x1BB      0x1BB   .absSeg241
.abs_section_1bc                   1   N/I      0x1BC      0x1BC   .absSeg242
.abs_section_1bd                   1   N/I      0x1BD      0x1BD   .absSeg243
.abs_section_1c0                   1   N/I      0x1C0      0x1C0   .absSeg244
.abs_section_1c1                   1   N/I      0x1C1      0x1C1   .absSeg245
.abs_section_1c2                   1   N/I      0x1C2      0x1C2   .absSeg246
.abs_section_1c3                   1   N/I      0x1C3      0x1C3   .absSeg247
.abs_section_1c4                   1   N/I      0x1C4      0x1C4   .absSeg248
.abs_section_1c5                   1   N/I      0x1C5      0x1C5   .absSeg249
.abs_section_1c6                   1   N/I      0x1C6      0x1C6   .absSeg250
.abs_section_1c7                   1   N/I      0x1C7      0x1C7   .absSeg251
.abs_section_1c8                   1   N/I      0x1C8      0x1C8   .absSeg252
.abs_section_1c9                   1   N/I      0x1C9      0x1C9   .absSeg253
.abs_section_1ca                   1   N/I      0x1CA      0x1CA   .absSeg254
.abs_section_1cb                   1   N/I      0x1CB      0x1CB   .absSeg255
.abs_section_1ce                   1   N/I      0x1CE      0x1CE   .absSeg256
.abs_section_1cf                   1   N/I      0x1CF      0x1CF   .absSeg257
.abs_section_1d0                   1   N/I      0x1D0      0x1D0   .absSeg258
.abs_section_1d1                   1   N/I      0x1D1      0x1D1   .absSeg259
.abs_section_1d2                   1   N/I      0x1D2      0x1D2   .absSeg260
.abs_section_1d3                   1   N/I      0x1D3      0x1D3   .absSeg261
.abs_section_1d4                   1   N/I      0x1D4      0x1D4   .absSeg262
.abs_section_1d5                   1   N/I      0x1D5      0x1D5   .absSeg263
.abs_section_1d6                   1   N/I      0x1D6      0x1D6   .absSeg264
.abs_section_1d7                   1   N/I      0x1D7      0x1D7   .absSeg265
.abs_section_1d8                   1   N/I      0x1D8      0x1D8   .absSeg266
.abs_section_1d9                   1   N/I      0x1D9      0x1D9   .absSeg267
.abs_section_1da                   1   N/I      0x1DA      0x1DA   .absSeg268
.abs_section_1db                   1   N/I      0x1DB      0x1DB   .absSeg269
.abs_section_1dc                   1   N/I      0x1DC      0x1DC   .absSeg270
.abs_section_1dd                   1   N/I      0x1DD      0x1DD   .absSeg271
.abs_section_1de                   1   N/I      0x1DE      0x1DE   .absSeg272
.abs_section_1df                   1   N/I      0x1DF      0x1DF   .absSeg273
.abs_section_1e0                   1   N/I      0x1E0      0x1E0   .absSeg274
.abs_section_1e1                   1   N/I      0x1E1      0x1E1   .absSeg275
.abs_section_1e2                   1   N/I      0x1E2      0x1E2   .absSeg276
.abs_section_1e3                   1   N/I      0x1E3      0x1E3   .absSeg277
.abs_section_1e4                   1   N/I      0x1E4      0x1E4   .absSeg278
.abs_section_1e5                   1   N/I      0x1E5      0x1E5   .absSeg279
.abs_section_1e6                   1   N/I      0x1E6      0x1E6   .absSeg280
.abs_section_1e7                   1   N/I      0x1E7      0x1E7   .absSeg281
.abs_section_1e8                   1   N/I      0x1E8      0x1E8   .absSeg282
.abs_section_1e9                   1   N/I      0x1E9      0x1E9   .absSeg283
.abs_section_1ea                   1   N/I      0x1EA      0x1EA   .absSeg284
.abs_section_1eb                   1   N/I      0x1EB      0x1EB   .absSeg285
.abs_section_1ec                   1   N/I      0x1EC      0x1EC   .absSeg286
.abs_section_1f0                   1   N/I      0x1F0      0x1F0   .absSeg287
.abs_section_1f1                   1   N/I      0x1F1      0x1F1   .absSeg288
.abs_section_1f2                   1   N/I      0x1F2      0x1F2   .absSeg289
.abs_section_1f3                   1   N/I      0x1F3      0x1F3   .absSeg290
.abs_section_1f4                   1   N/I      0x1F4      0x1F4   .absSeg291
.abs_section_1f5                   1   N/I      0x1F5      0x1F5   .absSeg292
.abs_section_1f6                   1   N/I      0x1F6      0x1F6   .absSeg293
.abs_section_1f7                   1   N/I      0x1F7      0x1F7   .absSeg294
.abs_section_1f8                   1   N/I      0x1F8      0x1F8   .absSeg295
.abs_section_1f9                   1   N/I      0x1F9      0x1F9   .absSeg296
.abs_section_1fa                   1   N/I      0x1FA      0x1FA   .absSeg297
.abs_section_1fb                   1   N/I      0x1FB      0x1FB   .absSeg298
.abs_section_1fc                   1   N/I      0x1FC      0x1FC   .absSeg299
.abs_section_1fd                   1   N/I      0x1FD      0x1FD   .absSeg300
.abs_section_200                   1   N/I      0x200      0x200   .absSeg301
.abs_section_201                   1   N/I      0x201      0x201   .absSeg302
.abs_section_202                   1   N/I      0x202      0x202   .absSeg303
.abs_section_203                   1   N/I      0x203      0x203   .absSeg304
.abs_section_204                   1   N/I      0x204      0x204   .absSeg305
.abs_section_205                   1   N/I      0x205      0x205   .absSeg306
.abs_section_206                   1   N/I      0x206      0x206   .absSeg307
.abs_section_207                   1   N/I      0x207      0x207   .absSeg308
.abs_section_208                   1   N/I      0x208      0x208   .absSeg309
.abs_section_209                   1   N/I      0x209      0x209   .absSeg310
.abs_section_20a                   1   N/I      0x20A      0x20A   .absSeg311
.abs_section_20b                   1   N/I      0x20B      0x20B   .absSeg312
.abs_section_20e                   1   N/I      0x20E      0x20E   .absSeg313
.abs_section_20f                   1   N/I      0x20F      0x20F   .absSeg314
.abs_section_210                   1   N/I      0x210      0x210   .absSeg315
.abs_section_211                   1   N/I      0x211      0x211   .absSeg316
.abs_section_212                   1   N/I      0x212      0x212   .absSeg317
.abs_section_213                   1   N/I      0x213      0x213   .absSeg318
.abs_section_214                   1   N/I      0x214      0x214   .absSeg319
.abs_section_215                   1   N/I      0x215      0x215   .absSeg320
.abs_section_216                   1   N/I      0x216      0x216   .absSeg321
.abs_section_217                   1   N/I      0x217      0x217   .absSeg322
.abs_section_218                   1   N/I      0x218      0x218   .absSeg323
.abs_section_219                   1   N/I      0x219      0x219   .absSeg324
.abs_section_21a                   1   N/I      0x21A      0x21A   .absSeg325
.abs_section_21b                   1   N/I      0x21B      0x21B   .absSeg326
.abs_section_21c                   1   N/I      0x21C      0x21C   .absSeg327
.abs_section_21d                   1   N/I      0x21D      0x21D   .absSeg328
.abs_section_21e                   1   N/I      0x21E      0x21E   .absSeg329
.abs_section_21f                   1   N/I      0x21F      0x21F   .absSeg330
.abs_section_220                   1   N/I      0x220      0x220   .absSeg331
.abs_section_221                   1   N/I      0x221      0x221   .absSeg332
.abs_section_222                   1   N/I      0x222      0x222   .absSeg333
.abs_section_223                   1   N/I      0x223      0x223   .absSeg334
.abs_section_224                   1   N/I      0x224      0x224   .absSeg335
.abs_section_225                   1   N/I      0x225      0x225   .absSeg336
.abs_section_226                   1   N/I      0x226      0x226   .absSeg337
.abs_section_227                   1   N/I      0x227      0x227   .absSeg338
.abs_section_228                   1   N/I      0x228      0x228   .absSeg339
.abs_section_229                   1   N/I      0x229      0x229   .absSeg340
.abs_section_22a                   1   N/I      0x22A      0x22A   .absSeg341
.abs_section_22b                   1   N/I      0x22B      0x22B   .absSeg342
.abs_section_22c                   1   N/I      0x22C      0x22C   .absSeg343
.abs_section_230                   1   N/I      0x230      0x230   .absSeg344
.abs_section_231                   1   N/I      0x231      0x231   .absSeg345
.abs_section_232                   1   N/I      0x232      0x232   .absSeg346
.abs_section_233                   1   N/I      0x233      0x233   .absSeg347
.abs_section_234                   1   N/I      0x234      0x234   .absSeg348
.abs_section_235                   1   N/I      0x235      0x235   .absSeg349
.abs_section_236                   1   N/I      0x236      0x236   .absSeg350
.abs_section_237                   1   N/I      0x237      0x237   .absSeg351
.abs_section_238                   1   N/I      0x238      0x238   .absSeg352
.abs_section_239                   1   N/I      0x239      0x239   .absSeg353
.abs_section_23a                   1   N/I      0x23A      0x23A   .absSeg354
.abs_section_23b                   1   N/I      0x23B      0x23B   .absSeg355
.abs_section_23c                   1   N/I      0x23C      0x23C   .absSeg356
.abs_section_23d                   1   N/I      0x23D      0x23D   .absSeg357
.abs_section_240                   1   N/I      0x240      0x240   .absSeg358
.abs_section_241                   1   N/I      0x241      0x241   .absSeg359
.abs_section_242                   1   N/I      0x242      0x242   .absSeg360
.abs_section_243                   1   N/I      0x243      0x243   .absSeg361
.abs_section_244                   1   N/I      0x244      0x244   .absSeg362
.abs_section_245                   1   N/I      0x245      0x245   .absSeg363
.abs_section_248                   1   N/I      0x248      0x248   .absSeg364
.abs_section_249                   1   N/I      0x249      0x249   .absSeg365
.abs_section_24a                   1   N/I      0x24A      0x24A   .absSeg366
.abs_section_24b                   1   N/I      0x24B      0x24B   .absSeg367
.abs_section_24c                   1   N/I      0x24C      0x24C   .absSeg368
.abs_section_24d                   1   N/I      0x24D      0x24D   .absSeg369
.abs_section_24e                   1   N/I      0x24E      0x24E   .absSeg370
.abs_section_250                   1   N/I      0x250      0x250   .absSeg371
.abs_section_251                   1   N/I      0x251      0x251   .absSeg372
.abs_section_252                   1   N/I      0x252      0x252   .absSeg373
.abs_section_253                   1   N/I      0x253      0x253   .absSeg374
.abs_section_254                   1   N/I      0x254      0x254   .absSeg375
.abs_section_255                   1   N/I      0x255      0x255   .absSeg376
.abs_section_256                   1   N/I      0x256      0x256   .absSeg377
.abs_section_257                   1   N/I      0x257      0x257   .absSeg378
.abs_section_258                   1   N/I      0x258      0x258   .absSeg379
.abs_section_259                   1   N/I      0x259      0x259   .absSeg380
.abs_section_25a                   1   N/I      0x25A      0x25A   .absSeg381
.abs_section_25b                   1   N/I      0x25B      0x25B   .absSeg382
.abs_section_25c                   1   N/I      0x25C      0x25C   .absSeg383
.abs_section_25d                   1   N/I      0x25D      0x25D   .absSeg384
.abs_section_25e                   1   N/I      0x25E      0x25E   .absSeg385
.abs_section_25f                   1   N/I      0x25F      0x25F   .absSeg386
.abs_section_260                   1   N/I      0x260      0x260   .absSeg387
.abs_section_261                   1   N/I      0x261      0x261   .absSeg388
.abs_section_262                   1   N/I      0x262      0x262   .absSeg389
.abs_section_263                   1   N/I      0x263      0x263   .absSeg390
.abs_section_264                   1   N/I      0x264      0x264   .absSeg391
.abs_section_265                   1   N/I      0x265      0x265   .absSeg392
.abs_section_266                   1   N/I      0x266      0x266   .absSeg393
.abs_section_267                   1   N/I      0x267      0x267   .absSeg394
.abs_section_268                   1   N/I      0x268      0x268   .absSeg395
.abs_section_269                   1   N/I      0x269      0x269   .absSeg396
.abs_section_26a                   1   N/I      0x26A      0x26A   .absSeg397
.abs_section_26b                   1   N/I      0x26B      0x26B   .absSeg398
.abs_section_26c                   1   N/I      0x26C      0x26C   .absSeg399
.abs_section_26d                   1   N/I      0x26D      0x26D   .absSeg400
.abs_section_26e                   1   N/I      0x26E      0x26E   .absSeg401
.abs_section_26f                   1   N/I      0x26F      0x26F   .absSeg402
.abs_section_280                   1   N/I      0x280      0x280   .absSeg403
.abs_section_281                   1   N/I      0x281      0x281   .absSeg404
.abs_section_282                   1   N/I      0x282      0x282   .absSeg405
.abs_section_283                   1   N/I      0x283      0x283   .absSeg406
.abs_section_284                   1   N/I      0x284      0x284   .absSeg407
.abs_section_285                   1   N/I      0x285      0x285   .absSeg408
.abs_section_286                   1   N/I      0x286      0x286   .absSeg409
.abs_section_287                   1   N/I      0x287      0x287   .absSeg410
.abs_section_288                   1   N/I      0x288      0x288   .absSeg411
.abs_section_289                   1   N/I      0x289      0x289   .absSeg412
.abs_section_28a                   1   N/I      0x28A      0x28A   .absSeg413
.abs_section_28b                   1   N/I      0x28B      0x28B   .absSeg414
.abs_section_28e                   1   N/I      0x28E      0x28E   .absSeg415
.abs_section_28f                   1   N/I      0x28F      0x28F   .absSeg416
.abs_section_290                   1   N/I      0x290      0x290   .absSeg417
.abs_section_291                   1   N/I      0x291      0x291   .absSeg418
.abs_section_292                   1   N/I      0x292      0x292   .absSeg419
.abs_section_293                   1   N/I      0x293      0x293   .absSeg420
.abs_section_294                   1   N/I      0x294      0x294   .absSeg421
.abs_section_295                   1   N/I      0x295      0x295   .absSeg422
.abs_section_296                   1   N/I      0x296      0x296   .absSeg423
.abs_section_297                   1   N/I      0x297      0x297   .absSeg424
.abs_section_298                   1   N/I      0x298      0x298   .absSeg425
.abs_section_299                   1   N/I      0x299      0x299   .absSeg426
.abs_section_29a                   1   N/I      0x29A      0x29A   .absSeg427
.abs_section_29b                   1   N/I      0x29B      0x29B   .absSeg428
.abs_section_29c                   1   N/I      0x29C      0x29C   .absSeg429
.abs_section_29d                   1   N/I      0x29D      0x29D   .absSeg430
.abs_section_29e                   1   N/I      0x29E      0x29E   .absSeg431
.abs_section_29f                   1   N/I      0x29F      0x29F   .absSeg432
.abs_section_2a0                   1   N/I      0x2A0      0x2A0   .absSeg433
.abs_section_2a1                   1   N/I      0x2A1      0x2A1   .absSeg434
.abs_section_2a2                   1   N/I      0x2A2      0x2A2   .absSeg435
.abs_section_2a3                   1   N/I      0x2A3      0x2A3   .absSeg436
.abs_section_2a4                   1   N/I      0x2A4      0x2A4   .absSeg437
.abs_section_2a5                   1   N/I      0x2A5      0x2A5   .absSeg438
.abs_section_2a6                   1   N/I      0x2A6      0x2A6   .absSeg439
.abs_section_2a7                   1   N/I      0x2A7      0x2A7   .absSeg440
.abs_section_2a8                   1   N/I      0x2A8      0x2A8   .absSeg441
.abs_section_2a9                   1   N/I      0x2A9      0x2A9   .absSeg442
.abs_section_2aa                   1   N/I      0x2AA      0x2AA   .absSeg443
.abs_section_2ab                   1   N/I      0x2AB      0x2AB   .absSeg444
.abs_section_2ac                   1   N/I      0x2AC      0x2AC   .absSeg445
.abs_section_2b0                   1   N/I      0x2B0      0x2B0   .absSeg446
.abs_section_2b1                   1   N/I      0x2B1      0x2B1   .absSeg447
.abs_section_2b2                   1   N/I      0x2B2      0x2B2   .absSeg448
.abs_section_2b3                   1   N/I      0x2B3      0x2B3   .absSeg449
.abs_section_2b4                   1   N/I      0x2B4      0x2B4   .absSeg450
.abs_section_2b5                   1   N/I      0x2B5      0x2B5   .absSeg451
.abs_section_2b6                   1   N/I      0x2B6      0x2B6   .absSeg452
.abs_section_2b7                   1   N/I      0x2B7      0x2B7   .absSeg453
.abs_section_2b8                   1   N/I      0x2B8      0x2B8   .absSeg454
.abs_section_2b9                   1   N/I      0x2B9      0x2B9   .absSeg455
.abs_section_2ba                   1   N/I      0x2BA      0x2BA   .absSeg456
.abs_section_2bb                   1   N/I      0x2BB      0x2BB   .absSeg457
.abs_section_2bc                   1   N/I      0x2BC      0x2BC   .absSeg458
.abs_section_2bd                   1   N/I      0x2BD      0x2BD   .absSeg459
.abs_section_0                     2   N/I        0x0        0x1   .absSeg460
.abs_section_2                     2   N/I        0x2        0x3   .absSeg461
.abs_section_1a                    2   N/I       0x1A       0x1B   .absSeg462
.abs_section_44                    2   N/I       0x44       0x45   .absSeg463
.abs_section_50                    2   N/I       0x50       0x51   .absSeg464
.abs_section_52                    2   N/I       0x52       0x53   .absSeg465
.abs_section_54                    2   N/I       0x54       0x55   .absSeg466
.abs_section_56                    2   N/I       0x56       0x57   .absSeg467
.abs_section_58                    2   N/I       0x58       0x59   .absSeg468
.abs_section_5a                    2   N/I       0x5A       0x5B   .absSeg469
.abs_section_5c                    2   N/I       0x5C       0x5D   .absSeg470
.abs_section_5e                    2   N/I       0x5E       0x5F   .absSeg471
.abs_section_62                    2   N/I       0x62       0x63   .absSeg472
.abs_section_64                    2   N/I       0x64       0x65   .absSeg473
.abs_section_72                    2   N/I       0x72       0x73   .absSeg474
.abs_section_74                    2   N/I       0x74       0x75   .absSeg475
.abs_section_76                    2   N/I       0x76       0x77   .absSeg476
.abs_section_78                    2   N/I       0x78       0x79   .absSeg477
.abs_section_7a                    2   N/I       0x7A       0x7B   .absSeg478
.abs_section_7c                    2   N/I       0x7C       0x7D   .absSeg479
.abs_section_7e                    2   N/I       0x7E       0x7F   .absSeg480
.abs_section_82                    2   N/I       0x82       0x83   .absSeg481
.abs_section_84                    2   N/I       0x84       0x85   .absSeg482
.abs_section_90                    2   N/I       0x90       0x91   .absSeg483
.abs_section_92                    2   N/I       0x92       0x93   .absSeg484
.abs_section_94                    2   N/I       0x94       0x95   .absSeg485
.abs_section_96                    2   N/I       0x96       0x97   .absSeg486
.abs_section_98                    2   N/I       0x98       0x99   .absSeg487
.abs_section_9a                    2   N/I       0x9A       0x9B   .absSeg488
.abs_section_9c                    2   N/I       0x9C       0x9D   .absSeg489
.abs_section_9e                    2   N/I       0x9E       0x9F   .absSeg490
.abs_section_ac                    2   N/I       0xAC       0xAD   .absSeg491
.abs_section_ae                    2   N/I       0xAE       0xAF   .absSeg492
.abs_section_b0                    2   N/I       0xB0       0xB1   .absSeg493
.abs_section_b2                    2   N/I       0xB2       0xB3   .absSeg494
.abs_section_b4                    2   N/I       0xB4       0xB5   .absSeg495
.abs_section_b6                    2   N/I       0xB6       0xB7   .absSeg496
.abs_section_b8                    2   N/I       0xB8       0xB9   .absSeg497
.abs_section_ba                    2   N/I       0xBA       0xBB   .absSeg498
.abs_section_bc                    2   N/I       0xBC       0xBD   .absSeg499
.abs_section_be                    2   N/I       0xBE       0xBF   .absSeg500
.abs_section_c0                    2   N/I       0xC0       0xC1   .absSeg501
.abs_section_c2                    2   N/I       0xC2       0xC3   .absSeg502
.abs_section_c8                    2   N/I       0xC8       0xC9   .absSeg503
.abs_section_d0                    2   N/I       0xD0       0xD1   .absSeg504
.abs_section_122                   2   N/I      0x122      0x123   .absSeg505
.abs_section_124                   2   N/I      0x124      0x125   .absSeg506
.abs_section_130                   2   N/I      0x130      0x131   .absSeg507
.abs_section_132                   2   N/I      0x132      0x133   .absSeg508
.abs_section_134                   2   N/I      0x134      0x135   .absSeg509
.abs_section_136                   2   N/I      0x136      0x137   .absSeg510
.abs_section_138                   2   N/I      0x138      0x139   .absSeg511
.abs_section_13a                   2   N/I      0x13A      0x13B   .absSeg512
.abs_section_13c                   2   N/I      0x13C      0x13D   .absSeg513
.abs_section_13e                   2   N/I      0x13E      0x13F   .absSeg514
.abs_section_16e                   2   N/I      0x16E      0x16F   .absSeg515
.abs_section_17e                   2   N/I      0x17E      0x17F   .absSeg516
.abs_section_1ae                   2   N/I      0x1AE      0x1AF   .absSeg517
.abs_section_1be                   2   N/I      0x1BE      0x1BF   .absSeg518
.abs_section_1ee                   2   N/I      0x1EE      0x1EF   .absSeg519
.abs_section_1fe                   2   N/I      0x1FE      0x1FF   .absSeg520
.abs_section_22e                   2   N/I      0x22E      0x22F   .absSeg521
.abs_section_23e                   2   N/I      0x23E      0x23F   .absSeg522
.abs_section_2ae                   2   N/I      0x2AE      0x2AF   .absSeg523
.abs_section_2be                   2   N/I      0x2BE      0x2BF   .absSeg524
.abs_section_fff6                  2     R     0xFFF6     0xFFF7   .absSeg525
.abs_section_fff0                  2     R     0xFFF0     0xFFF1   .absSeg526
.bss                            1538   R/W      0x935      0xF36   RAM
.common                          146   R/W      0xF37      0xFC8   RAM
.vectSeg527_vect                   2     R     0xFFFE     0xFFFF   .vectSeg527

Summary of section sizes per section type:
READ_ONLY (R):         4A7 (dec:     1191)
READ_WRITE (R/W):      7C9 (dec:     1993)
NO_INIT (N/I):         24E (dec:      590)

*********************************************************************************************
VECTOR-ALLOCATION SECTION
    Address     InitValue   InitFunction
---------------------------------------------------------------------------------------------
     0xFFFE        0xC000   _Startup

*********************************************************************************************
OBJECT-ALLOCATION SECTION
     Name               Module                 Addr   hSize   dSize     Ref    Section   RLIB
---------------------------------------------------------------------------------------------
MODULE:                 -- mc9s12dp512.c.o --
- PROCEDURES:
- VARIABLES:
     _PORTE                                       8       1       1       0   .abs_section_8
     _DDRE                                        9       1       1       0   .abs_section_9
     _PEAR                                        A       1       1       0   .abs_section_a
     _MODE                                        B       1       1       0   .abs_section_b
     _PUCR                                        C       1       1       0   .abs_section_c
     _RDRIV                                       D       1       1       0   .abs_section_d
     _EBICTL                                      E       1       1       0   .abs_section_e
     _INITRM                                     10       1       1       0   .abs_section_10
     _INITRG                                     11       1       1       0   .abs_section_11
     _INITEE                                     12       1       1       0   .abs_section_12
     _MISC                                       13       1       1       0   .abs_section_13
     _ITCR                                       15       1       1       0   .abs_section_15
     _ITEST                                      16       1       1       0   .abs_section_16
     _MEMSIZ0                                    1C       1       1       0   .abs_section_1c
     _MEMSIZ1                                    1D       1       1       0   .abs_section_1d
     _INTCR                                      1E       1       1       0   .abs_section_1e
     _HPRIO                                      1F       1       1       0   .abs_section_1f
     _BKPCT0                                     28       1       1       0   .abs_section_28
     _BKPCT1                                     29       1       1       0   .abs_section_29
     _BKP0X                                      2A       1       1       0   .abs_section_2a
     _BKP0H                                      2B       1       1       0   .abs_section_2b
     _BKP0L                                      2C       1       1       0   .abs_section_2c
     _BKP1X                                      2D       1       1       0   .abs_section_2d
     _BKP1H                                      2E       1       1       0   .abs_section_2e
     _BKP1L                                      2F       1       1       0   .abs_section_2f
     _PPAGE                                      30       1       1       0   .abs_section_30
     _PORTK                                      32       1       1       0   .abs_section_32
     _DDRK                                       33       1       1       0   .abs_section_33
     _SYNR                                       34       1       1       1   .abs_section_34
     _REFDV                                      35       1       1       1   .abs_section_35
     _CRGFLG                                     37       1       1       2   .abs_section_37
     _CRGINT                                     38       1       1       2   .abs_section_38
     _CLKSEL                                     39       1       1       2   .abs_section_39
     _PLLCTL                                     3A       1       1       2   .abs_section_3a
     _RTICTL                                     3B       1       1       1   .abs_section_3b
     _COPCTL                                     3C       1       1       0   .abs_section_3c
     _ARMCOP                                     3F       1       1       0   .abs_section_3f
     _TIOS                                       40       1       1       0   .abs_section_40
     _CFORC                                      41       1       1       0   .abs_section_41
     _OC7M                                       42       1       1       0   .abs_section_42
     _OC7D                                       43       1       1       0   .abs_section_43
     _TSCR1                                      46       1       1       0   .abs_section_46
     _TTOV                                       47       1       1       0   .abs_section_47
     _TCTL1                                      48       1       1       0   .abs_section_48
     _TCTL2                                      49       1       1       0   .abs_section_49
     _TCTL3                                      4A       1       1       0   .abs_section_4a
     _TCTL4                                      4B       1       1       0   .abs_section_4b
     _TIE                                        4C       1       1       0   .abs_section_4c
     _TSCR2                                      4D       1       1       0   .abs_section_4d
     _TFLG1                                      4E       1       1       0   .abs_section_4e
     _TFLG2                                      4F       1       1       0   .abs_section_4f
     _PACTL                                      60       1       1       0   .abs_section_60
     _PAFLG                                      61       1       1       0   .abs_section_61
     _MCCTL                                      66       1       1       0   .abs_section_66
     _MCFLG                                      67       1       1       0   .abs_section_67
     _ICPAR                                      68       1       1       0   .abs_section_68
     _DLYCT                                      69       1       1       0   .abs_section_69
     _ICOVW                                      6A       1       1       0   .abs_section_6a
     _ICSYS                                      6B       1       1       0   .abs_section_6b
     _PBCTL                                      70       1       1       0   .abs_section_70
     _PBFLG                                      71       1       1       0   .abs_section_71
     _ATD0STAT0                                  86       1       1       0   .abs_section_86
     _ATD0TEST1                                  89       1       1       0   .abs_section_89
     _ATD0STAT1                                  8B       1       1       0   .abs_section_8b
     _ATD0DIEN                                   8D       1       1       0   .abs_section_8d
     _PORTAD0                                    8F       1       1       0   .abs_section_8f
     _PWME                                       A0       1       1       0   .abs_section_a0
     _PWMPOL                                     A1       1       1       0   .abs_section_a1
     _PWMCLK                                     A2       1       1       0   .abs_section_a2
     _PWMPRCLK                                   A3       1       1       0   .abs_section_a3
     _PWMCAE                                     A4       1       1       0   .abs_section_a4
     _PWMCTL                                     A5       1       1       0   .abs_section_a5
     _PWMSCLA                                    A8       1       1       0   .abs_section_a8
     _PWMSCLB                                    A9       1       1       0   .abs_section_a9
     _PWMSDN                                     C4       1       1       0   .abs_section_c4
     _SCI0CR1                                    CA       1       1       0   .abs_section_ca
     _SCI0CR2                                    CB       1       1       0   .abs_section_cb
     _SCI0SR1                                    CC       1       1       0   .abs_section_cc
     _SCI0SR2                                    CD       1       1       0   .abs_section_cd
     _SCI0DRH                                    CE       1       1       0   .abs_section_ce
     _SCI0DRL                                    CF       1       1       0   .abs_section_cf
     _SCI1CR1                                    D2       1       1       0   .abs_section_d2
     _SCI1CR2                                    D3       1       1       0   .abs_section_d3
     _SCI1SR1                                    D4       1       1       0   .abs_section_d4
     _SCI1SR2                                    D5       1       1       0   .abs_section_d5
     _SCI1DRH                                    D6       1       1       0   .abs_section_d6
     _SCI1DRL                                    D7       1       1       0   .abs_section_d7
     _SPI0CR1                                    D8       1       1       0   .abs_section_d8
     _SPI0CR2                                    D9       1       1       0   .abs_section_d9
     _SPI0BR                                     DA       1       1       0   .abs_section_da
     _SPI0SR                                     DB       1       1       0   .abs_section_db
     _SPI0DR                                     DD       1       1       0   .abs_section_dd
     _IBAD                                       E0       1       1       0   .abs_section_e0
     _IBFD                                       E1       1       1       0   .abs_section_e1
     _IBCR                                       E2       1       1       0   .abs_section_e2
     _IBSR                                       E3       1       1       0   .abs_section_e3
     _IBDR                                       E4       1       1       0   .abs_section_e4
     _DLCBCR1                                    E8       1       1       0   .abs_section_e8
     _DLCBSVR                                    E9       1       1       0   .abs_section_e9
     _DLCBCR2                                    EA       1       1       0   .abs_section_ea
     _DLCBDR                                     EB       1       1       0   .abs_section_eb
     _DLCBARD                                    EC       1       1       0   .abs_section_ec
     _DLCBRSR                                    ED       1       1       0   .abs_section_ed
     _DLCSCR                                     EE       1       1       0   .abs_section_ee
     _SPI1CR1                                    F0       1       1       0   .abs_section_f0
     _SPI1CR2                                    F1       1       1       0   .abs_section_f1
     _SPI1BR                                     F2       1       1       0   .abs_section_f2
     _SPI1SR                                     F3       1       1       0   .abs_section_f3
     _SPI1DR                                     F5       1       1       0   .abs_section_f5
     _SPI2CR1                                    F8       1       1       0   .abs_section_f8
     _SPI2CR2                                    F9       1       1       0   .abs_section_f9
     _SPI2BR                                     FA       1       1       0   .abs_section_fa
     _SPI2SR                                     FB       1       1       0   .abs_section_fb
     _SPI2DR                                     FD       1       1       0   .abs_section_fd
     _FCLKDIV                                   100       1       1       0   .abs_section_100
     _FSEC                                      101       1       1       0   .abs_section_101
     _FCNFG                                     103       1       1       0   .abs_section_103
     _FPROT                                     104       1       1       0   .abs_section_104
     _FSTAT                                     105       1       1       0   .abs_section_105
     _FCMD                                      106       1       1       0   .abs_section_106
     _ECLKDIV                                   110       1       1       0   .abs_section_110
     _ECNFG                                     113       1       1       0   .abs_section_113
     _EPROT                                     114       1       1       0   .abs_section_114
     _ESTAT                                     115       1       1       0   .abs_section_115
     _ECMD                                      116       1       1       0   .abs_section_116
     _ATD1STAT0                                 126       1       1       0   .abs_section_126
     _ATD1TEST1                                 129       1       1       0   .abs_section_129
     _ATD1STAT1                                 12B       1       1       0   .abs_section_12b
     _ATD1DIEN                                  12D       1       1       0   .abs_section_12d
     _PORTAD1                                   12F       1       1       0   .abs_section_12f
     _CAN0CTL0                                  140       1       1       0   .abs_section_140
     _CAN0CTL1                                  141       1       1       0   .abs_section_141
     _CAN0BTR0                                  142       1       1       0   .abs_section_142
     _CAN0BTR1                                  143       1       1       0   .abs_section_143
     _CAN0RFLG                                  144       1       1       0   .abs_section_144
     _CAN0RIER                                  145       1       1       0   .abs_section_145
     _CAN0TFLG                                  146       1       1       0   .abs_section_146
     _CAN0TIER                                  147       1       1       0   .abs_section_147
     _CAN0TARQ                                  148       1       1       0   .abs_section_148
     _CAN0TAAK                                  149       1       1       0   .abs_section_149
     _CAN0TBSEL                                 14A       1       1       0   .abs_section_14a
     _CAN0IDAC                                  14B       1       1       0   .abs_section_14b
     _CAN0RXERR                                 14E       1       1       0   .abs_section_14e
     _CAN0TXERR                                 14F       1       1       0   .abs_section_14f
     _CAN0IDAR0                                 150       1       1       0   .abs_section_150
     _CAN0IDAR1                                 151       1       1       0   .abs_section_151
     _CAN0IDAR2                                 152       1       1       0   .abs_section_152
     _CAN0IDAR3                                 153       1       1       0   .abs_section_153
     _CAN0IDMR0                                 154       1       1       0   .abs_section_154
     _CAN0IDMR1                                 155       1       1       0   .abs_section_155
     _CAN0IDMR2                                 156       1       1       0   .abs_section_156
     _CAN0IDMR3                                 157       1       1       0   .abs_section_157
     _CAN0IDAR4                                 158       1       1       0   .abs_section_158
     _CAN0IDAR5                                 159       1       1       0   .abs_section_159
     _CAN0IDAR6                                 15A       1       1       0   .abs_section_15a
     _CAN0IDAR7                                 15B       1       1       0   .abs_section_15b
     _CAN0IDMR4                                 15C       1       1       0   .abs_section_15c
     _CAN0IDMR5                                 15D       1       1       0   .abs_section_15d
     _CAN0IDMR6                                 15E       1       1       0   .abs_section_15e
     _CAN0IDMR7                                 15F       1       1       0   .abs_section_15f
     _CAN0RXIDR0                                160       1       1       0   .abs_section_160
     _CAN0RXIDR1                                161       1       1       0   .abs_section_161
     _CAN0RXIDR2                                162       1       1       0   .abs_section_162
     _CAN0RXIDR3                                163       1       1       0   .abs_section_163
     _CAN0RXDSR0                                164       1       1       0   .abs_section_164
     _CAN0RXDSR1                                165       1       1       0   .abs_section_165
     _CAN0RXDSR2                                166       1       1       0   .abs_section_166
     _CAN0RXDSR3                                167       1       1       0   .abs_section_167
     _CAN0RXDSR4                                168       1       1       0   .abs_section_168
     _CAN0RXDSR5                                169       1       1       0   .abs_section_169
     _CAN0RXDSR6                                16A       1       1       0   .abs_section_16a
     _CAN0RXDSR7                                16B       1       1       0   .abs_section_16b
     _CAN0RXDLR                                 16C       1       1       0   .abs_section_16c
     _CAN0TXIDR0                                170       1       1       0   .abs_section_170
     _CAN0TXIDR1                                171       1       1       0   .abs_section_171
     _CAN0TXIDR2                                172       1       1       0   .abs_section_172
     _CAN0TXIDR3                                173       1       1       0   .abs_section_173
     _CAN0TXDSR0                                174       1       1       0   .abs_section_174
     _CAN0TXDSR1                                175       1       1       0   .abs_section_175
     _CAN0TXDSR2                                176       1       1       0   .abs_section_176
     _CAN0TXDSR3                                177       1       1       0   .abs_section_177
     _CAN0TXDSR4                                178       1       1       0   .abs_section_178
     _CAN0TXDSR5                                179       1       1       0   .abs_section_179
     _CAN0TXDSR6                                17A       1       1       0   .abs_section_17a
     _CAN0TXDSR7                                17B       1       1       0   .abs_section_17b
     _CAN0TXDLR                                 17C       1       1       0   .abs_section_17c
     _CAN0TXTBPR                                17D       1       1       0   .abs_section_17d
     _CAN1CTL0                                  180       1       1       0   .abs_section_180
     _CAN1CTL1                                  181       1       1       0   .abs_section_181
     _CAN1BTR0                                  182       1       1       0   .abs_section_182
     _CAN1BTR1                                  183       1       1       0   .abs_section_183
     _CAN1RFLG                                  184       1       1       0   .abs_section_184
     _CAN1RIER                                  185       1       1       0   .abs_section_185
     _CAN1TFLG                                  186       1       1       0   .abs_section_186
     _CAN1TIER                                  187       1       1       0   .abs_section_187
     _CAN1TARQ                                  188       1       1       0   .abs_section_188
     _CAN1TAAK                                  189       1       1       0   .abs_section_189
     _CAN1TBSEL                                 18A       1       1       0   .abs_section_18a
     _CAN1IDAC                                  18B       1       1       0   .abs_section_18b
     _CAN1RXERR                                 18E       1       1       0   .abs_section_18e
     _CAN1TXERR                                 18F       1       1       0   .abs_section_18f
     _CAN1IDAR0                                 190       1       1       0   .abs_section_190
     _CAN1IDAR1                                 191       1       1       0   .abs_section_191
     _CAN1IDAR2                                 192       1       1       0   .abs_section_192
     _CAN1IDAR3                                 193       1       1       0   .abs_section_193
     _CAN1IDMR0                                 194       1       1       0   .abs_section_194
     _CAN1IDMR1                                 195       1       1       0   .abs_section_195
     _CAN1IDMR2                                 196       1       1       0   .abs_section_196
     _CAN1IDMR3                                 197       1       1       0   .abs_section_197
     _CAN1IDAR4                                 198       1       1       0   .abs_section_198
     _CAN1IDAR5                                 199       1       1       0   .abs_section_199
     _CAN1IDAR6                                 19A       1       1       0   .abs_section_19a
     _CAN1IDAR7                                 19B       1       1       0   .abs_section_19b
     _CAN1IDMR4                                 19C       1       1       0   .abs_section_19c
     _CAN1IDMR5                                 19D       1       1       0   .abs_section_19d
     _CAN1IDMR6                                 19E       1       1       0   .abs_section_19e
     _CAN1IDMR7                                 19F       1       1       0   .abs_section_19f
     _CAN1RXIDR0                                1A0       1       1       0   .abs_section_1a0
     _CAN1RXIDR1                                1A1       1       1       0   .abs_section_1a1
     _CAN1RXIDR2                                1A2       1       1       0   .abs_section_1a2
     _CAN1RXIDR3                                1A3       1       1       0   .abs_section_1a3
     _CAN1RXDSR0                                1A4       1       1       0   .abs_section_1a4
     _CAN1RXDSR1                                1A5       1       1       0   .abs_section_1a5
     _CAN1RXDSR2                                1A6       1       1       0   .abs_section_1a6
     _CAN1RXDSR3                                1A7       1       1       0   .abs_section_1a7
     _CAN1RXDSR4                                1A8       1       1       0   .abs_section_1a8
     _CAN1RXDSR5                                1A9       1       1       0   .abs_section_1a9
     _CAN1RXDSR6                                1AA       1       1       0   .abs_section_1aa
     _CAN1RXDSR7                                1AB       1       1       0   .abs_section_1ab
     _CAN1RXDLR                                 1AC       1       1       0   .abs_section_1ac
     _CAN1TXIDR0                                1B0       1       1       0   .abs_section_1b0
     _CAN1TXIDR1                                1B1       1       1       0   .abs_section_1b1
     _CAN1TXIDR2                                1B2       1       1       0   .abs_section_1b2
     _CAN1TXIDR3                                1B3       1       1       0   .abs_section_1b3
     _CAN1TXDSR0                                1B4       1       1       0   .abs_section_1b4
     _CAN1TXDSR1                                1B5       1       1       0   .abs_section_1b5
     _CAN1TXDSR2                                1B6       1       1       0   .abs_section_1b6
     _CAN1TXDSR3                                1B7       1       1       0   .abs_section_1b7
     _CAN1TXDSR4                                1B8       1       1       0   .abs_section_1b8
     _CAN1TXDSR5                                1B9       1       1       0   .abs_section_1b9
     _CAN1TXDSR6                                1BA       1       1       0   .abs_section_1ba
     _CAN1TXDSR7                                1BB       1       1       0   .abs_section_1bb
     _CAN1TXDLR                                 1BC       1       1       0   .abs_section_1bc
     _CAN1TXTBPR                                1BD       1       1       0   .abs_section_1bd
     _CAN2CTL0                                  1C0       1       1       0   .abs_section_1c0
     _CAN2CTL1                                  1C1       1       1       0   .abs_section_1c1
     _CAN2BTR0                                  1C2       1       1       0   .abs_section_1c2
     _CAN2BTR1                                  1C3       1       1       0   .abs_section_1c3
     _CAN2RFLG                                  1C4       1       1       0   .abs_section_1c4
     _CAN2RIER                                  1C5       1       1       0   .abs_section_1c5
     _CAN2TFLG                                  1C6       1       1       0   .abs_section_1c6
     _CAN2TIER                                  1C7       1       1       0   .abs_section_1c7
     _CAN2TARQ                                  1C8       1       1       0   .abs_section_1c8
     _CAN2TAAK                                  1C9       1       1       0   .abs_section_1c9
     _CAN2TBSEL                                 1CA       1       1       0   .abs_section_1ca
     _CAN2IDAC                                  1CB       1       1       0   .abs_section_1cb
     _CAN2RXERR                                 1CE       1       1       0   .abs_section_1ce
     _CAN2TXERR                                 1CF       1       1       0   .abs_section_1cf
     _CAN2IDAR0                                 1D0       1       1       0   .abs_section_1d0
     _CAN2IDAR1                                 1D1       1       1       0   .abs_section_1d1
     _CAN2IDAR2                                 1D2       1       1       0   .abs_section_1d2
     _CAN2IDAR3                                 1D3       1       1       0   .abs_section_1d3
     _CAN2IDMR0                                 1D4       1       1       0   .abs_section_1d4
     _CAN2IDMR1                                 1D5       1       1       0   .abs_section_1d5
     _CAN2IDMR2                                 1D6       1       1       0   .abs_section_1d6
     _CAN2IDMR3                                 1D7       1       1       0   .abs_section_1d7
     _CAN2IDAR4                                 1D8       1       1       0   .abs_section_1d8
     _CAN2IDAR5                                 1D9       1       1       0   .abs_section_1d9
     _CAN2IDAR6                                 1DA       1       1       0   .abs_section_1da
     _CAN2IDAR7                                 1DB       1       1       0   .abs_section_1db
     _CAN2IDMR4                                 1DC       1       1       0   .abs_section_1dc
     _CAN2IDMR5                                 1DD       1       1       0   .abs_section_1dd
     _CAN2IDMR6                                 1DE       1       1       0   .abs_section_1de
     _CAN2IDMR7                                 1DF       1       1       0   .abs_section_1df
     _CAN2RXIDR0                                1E0       1       1       0   .abs_section_1e0
     _CAN2RXIDR1                                1E1       1       1       0   .abs_section_1e1
     _CAN2RXIDR2                                1E2       1       1       0   .abs_section_1e2
     _CAN2RXIDR3                                1E3       1       1       0   .abs_section_1e3
     _CAN2RXDSR0                                1E4       1       1       0   .abs_section_1e4
     _CAN2RXDSR1                                1E5       1       1       0   .abs_section_1e5
     _CAN2RXDSR2                                1E6       1       1       0   .abs_section_1e6
     _CAN2RXDSR3                                1E7       1       1       0   .abs_section_1e7
     _CAN2RXDSR4                                1E8       1       1       0   .abs_section_1e8
     _CAN2RXDSR5                                1E9       1       1       0   .abs_section_1e9
     _CAN2RXDSR6                                1EA       1       1       0   .abs_section_1ea
     _CAN2RXDSR7                                1EB       1       1       0   .abs_section_1eb
     _CAN2RXDLR                                 1EC       1       1       0   .abs_section_1ec
     _CAN2TXIDR0                                1F0       1       1       0   .abs_section_1f0
     _CAN2TXIDR1                                1F1       1       1       0   .abs_section_1f1
     _CAN2TXIDR2                                1F2       1       1       0   .abs_section_1f2
     _CAN2TXIDR3                                1F3       1       1       0   .abs_section_1f3
     _CAN2TXDSR0                                1F4       1       1       0   .abs_section_1f4
     _CAN2TXDSR1                                1F5       1       1       0   .abs_section_1f5
     _CAN2TXDSR2                                1F6       1       1       0   .abs_section_1f6
     _CAN2TXDSR3                                1F7       1       1       0   .abs_section_1f7
     _CAN2TXDSR4                                1F8       1       1       0   .abs_section_1f8
     _CAN2TXDSR5                                1F9       1       1       0   .abs_section_1f9
     _CAN2TXDSR6                                1FA       1       1       0   .abs_section_1fa
     _CAN2TXDSR7                                1FB       1       1       0   .abs_section_1fb
     _CAN2TXDLR                                 1FC       1       1       0   .abs_section_1fc
     _CAN2TXTBPR                                1FD       1       1       0   .abs_section_1fd
     _CAN3CTL0                                  200       1       1       0   .abs_section_200
     _CAN3CTL1                                  201       1       1       0   .abs_section_201
     _CAN3BTR0                                  202       1       1       0   .abs_section_202
     _CAN3BTR1                                  203       1       1       0   .abs_section_203
     _CAN3RFLG                                  204       1       1       0   .abs_section_204
     _CAN3RIER                                  205       1       1       0   .abs_section_205
     _CAN3TFLG                                  206       1       1       0   .abs_section_206
     _CAN3TIER                                  207       1       1       0   .abs_section_207
     _CAN3TARQ                                  208       1       1       0   .abs_section_208
     _CAN3TAAK                                  209       1       1       0   .abs_section_209
     _CAN3TBSEL                                 20A       1       1       0   .abs_section_20a
     _CAN3IDAC                                  20B       1       1       0   .abs_section_20b
     _CAN3RXERR                                 20E       1       1       0   .abs_section_20e
     _CAN3TXERR                                 20F       1       1       0   .abs_section_20f
     _CAN3IDAR0                                 210       1       1       0   .abs_section_210
     _CAN3IDAR1                                 211       1       1       0   .abs_section_211
     _CAN3IDAR2                                 212       1       1       0   .abs_section_212
     _CAN3IDAR3                                 213       1       1       0   .abs_section_213
     _CAN3IDMR0                                 214       1       1       0   .abs_section_214
     _CAN3IDMR1                                 215       1       1       0   .abs_section_215
     _CAN3IDMR2                                 216       1       1       0   .abs_section_216
     _CAN3IDMR3                                 217       1       1       0   .abs_section_217
     _CAN3IDAR4                                 218       1       1       0   .abs_section_218
     _CAN3IDAR5                                 219       1       1       0   .abs_section_219
     _CAN3IDAR6                                 21A       1       1       0   .abs_section_21a
     _CAN3IDAR7                                 21B       1       1       0   .abs_section_21b
     _CAN3IDMR4                                 21C       1       1       0   .abs_section_21c
     _CAN3IDMR5                                 21D       1       1       0   .abs_section_21d
     _CAN3IDMR6                                 21E       1       1       0   .abs_section_21e
     _CAN3IDMR7                                 21F       1       1       0   .abs_section_21f
     _CAN3RXIDR0                                220       1       1       0   .abs_section_220
     _CAN3RXIDR1                                221       1       1       0   .abs_section_221
     _CAN3RXIDR2                                222       1       1       0   .abs_section_222
     _CAN3RXIDR3                                223       1       1       0   .abs_section_223
     _CAN3RXDSR0                                224       1       1       0   .abs_section_224
     _CAN3RXDSR1                                225       1       1       0   .abs_section_225
     _CAN3RXDSR2                                226       1       1       0   .abs_section_226
     _CAN3RXDSR3                                227       1       1       0   .abs_section_227
     _CAN3RXDSR4                                228       1       1       0   .abs_section_228
     _CAN3RXDSR5                                229       1       1       0   .abs_section_229
     _CAN3RXDSR6                                22A       1       1       0   .abs_section_22a
     _CAN3RXDSR7                                22B       1       1       0   .abs_section_22b
     _CAN3RXDLR                                 22C       1       1       0   .abs_section_22c
     _CAN3TXIDR0                                230       1       1       0   .abs_section_230
     _CAN3TXIDR1                                231       1       1       0   .abs_section_231
     _CAN3TXIDR2                                232       1       1       0   .abs_section_232
     _CAN3TXIDR3                                233       1       1       0   .abs_section_233
     _CAN3TXDSR0                                234       1       1       0   .abs_section_234
     _CAN3TXDSR1                                235       1       1       0   .abs_section_235
     _CAN3TXDSR2                                236       1       1       0   .abs_section_236
     _CAN3TXDSR3                                237       1       1       0   .abs_section_237
     _CAN3TXDSR4                                238       1       1       0   .abs_section_238
     _CAN3TXDSR5                                239       1       1       0   .abs_section_239
     _CAN3TXDSR6                                23A       1       1       0   .abs_section_23a
     _CAN3TXDSR7                                23B       1       1       0   .abs_section_23b
     _CAN3TXDLR                                 23C       1       1       0   .abs_section_23c
     _CAN3TXTBPR                                23D       1       1       0   .abs_section_23d
     _PTT                                       240       1       1       0   .abs_section_240
     _PTIT                                      241       1       1       0   .abs_section_241
     _DDRT                                      242       1       1       0   .abs_section_242
     _RDRT                                      243       1       1       0   .abs_section_243
     _PERT                                      244       1       1       0   .abs_section_244
     _PPST                                      245       1       1       0   .abs_section_245
     _PTS                                       248       1       1       0   .abs_section_248
     _PTIS                                      249       1       1       0   .abs_section_249
     _DDRS                                      24A       1       1       0   .abs_section_24a
     _RDRS                                      24B       1       1       0   .abs_section_24b
     _PERS                                      24C       1       1       0   .abs_section_24c
     _PPSS                                      24D       1       1       0   .abs_section_24d
     _WOMS                                      24E       1       1       0   .abs_section_24e
[...]
     _RDRP                                      25B       1       1       0   .abs_section_25b
     _PERP                                      25C       1       1       0   .abs_section_25c
     _PPSP                                      25D       1       1       0   .abs_section_25d
     _PIEP                                      25E       1       1       0   .abs_section_25e
     _PIFP                                      25F       1       1       0   .abs_section_25f
     _PTH                                       260       1       1       0   .abs_section_260
     _PTIH                                      261       1       1       0   .abs_section_261
     _DDRH                                      262       1       1       0   .abs_section_262
     _RDRH                                      263       1       1       0   .abs_section_263
     _PERH                                      264       1       1       0   .abs_section_264
     _PPSH                                      265       1       1       0   .abs_section_265
     _PIEH                                      266       1       1       0   .abs_section_266
     _PIFH                                      267       1       1       0   .abs_section_267
     _PTJ                                       268       1       1       0   .abs_section_268
     _PTIJ                                      269       1       1       0   .abs_section_269
     _DDRJ                                      26A       1       1       0   .abs_section_26a
     _RDRJ                                      26B       1       1       0   .abs_section_26b
     _PERJ                                      26C       1       1       0   .abs_section_26c
     _PPSJ                                      26D       1       1       0   .abs_section_26d
     _PIEJ                                      26E       1       1       0   .abs_section_26e
     _PIFJ                                      26F       1       1       0   .abs_section_26f
     _CAN4CTL0                                  280       1       1       0   .abs_section_280
     _CAN4CTL1                                  281       1       1       0   .abs_section_281
     _CAN4BTR0                                  282       1       1       0   .abs_section_282
     _CAN4BTR1                                  283       1       1       0   .abs_section_283
     _CAN4RFLG                                  284       1       1       0   .abs_section_284
     _CAN4RIER                                  285       1       1       0   .abs_section_285
     _CAN4TFLG                                  286       1       1       0   .abs_section_286
     _CAN4TIER                                  287       1       1       0   .abs_section_287
     _CAN4TARQ                                  288       1       1       0   .abs_section_288
     _CAN4TAAK                                  289       1       1       0   .abs_section_289
     _CAN4TBSEL                                 28A       1       1       0   .abs_section_28a
     _CAN4IDAC                                  28B       1       1       0   .abs_section_28b
     _CAN4RXERR                                 28E       1       1       0   .abs_section_28e
     _CAN4TXERR                                 28F       1       1       0   .abs_section_28f
     _CAN4IDAR0                                 290       1       1       0   .abs_section_290
     _CAN4IDAR1                                 291       1       1       0   .abs_section_291
     _CAN4IDAR2                                 292       1       1       0   .abs_section_292
     _CAN4IDAR3                                 293       1       1       0   .abs_section_293
     _CAN4IDMR0                                 294       1       1       0   .abs_section_294
     _CAN4IDMR1                                 295       1       1       0   .abs_section_295
     _CAN4IDMR2                                 296       1       1       0   .abs_section_296
     _CAN4IDMR3                                 297       1       1       0   .abs_section_297
     _CAN4IDAR4                                 298       1       1       0   .abs_section_298
     _CAN4IDAR5                                 299       1       1       0   .abs_section_299
     _CAN4IDAR6                                 29A       1       1       0   .abs_section_29a
     _CAN4IDAR7                                 29B       1       1       0   .abs_section_29b
     _CAN4IDMR4                                 29C       1       1       0   .abs_section_29c
     _CAN4IDMR5                                 29D       1       1       0   .abs_section_29d
     _CAN4IDMR6                                 29E       1       1       0   .abs_section_29e
     _CAN4IDMR7                                 29F       1       1       0   .abs_section_29f
     _CAN4RXIDR0                                2A0       1       1       0   .abs_section_2a0
     _CAN4RXIDR1                                2A1       1       1       0   .abs_section_2a1
     _CAN4RXIDR2                                2A2       1       1       0   .abs_section_2a2
     _CAN4RXIDR3                                2A3       1       1       0   .abs_section_2a3
     _CAN4RXDSR0                                2A4       1       1       0   .abs_section_2a4
     _CAN4RXDSR1                                2A5       1       1       0   .abs_section_2a5
     _CAN4RXDSR2                                2A6       1       1       0   .abs_section_2a6
     _CAN4RXDSR3                                2A7       1       1       0   .abs_section_2a7
     _CAN4RXDSR4                                2A8       1       1       0   .abs_section_2a8
     _CAN4RXDSR5                                2A9       1       1       0   .abs_section_2a9
     _CAN4RXDSR6                                2AA       1       1       0   .abs_section_2aa
     _CAN4RXDSR7                                2AB       1       1       0   .abs_section_2ab
     _CAN4RXDLR                                 2AC       1       1       0   .abs_section_2ac
     _CAN4RXTSR                                 2AE       2       2       0   .abs_section_2ae
     _CAN4TXIDR0                                2B0       1       1       0   .abs_section_2b0
     _CAN4TXIDR1                                2B1       1       1       0   .abs_section_2b1
     _CAN4TXIDR2                                2B2       1       1       0   .abs_section_2b2
     _CAN4TXIDR3                                2B3       1       1       0   .abs_section_2b3
     _CAN4TXDSR0                                2B4       1       1       0   .abs_section_2b4
     _CAN4TXDSR1                                2B5       1       1       0   .abs_section_2b5
     _CAN4TXDSR2                                2B6       1       1       0   .abs_section_2b6
     _CAN4TXDSR3                                2B7       1       1       0   .abs_section_2b7
     _CAN4TXDSR4                                2B8       1       1       0   .abs_section_2b8
     _CAN4TXDSR5                                2B9       1       1       0   .abs_section_2b9
     _CAN4TXDSR6                                2BA       1       1       0   .abs_section_2ba
     _CAN4TXDSR7                                2BB       1       1       0   .abs_section_2bb
     _CAN4TXDLR                                 2BC       1       1       0   .abs_section_2bc
     _CAN4TXTBPR                                2BD       1       1       0   .abs_section_2bd
     _CAN4TXTSR                                 2BE       2       2       0   .abs_section_2be
     knl_tcb_table                              900      34      52       2   .data       
     l_sp_offset                                934       1       1       2   .data       
     TaskStackvTask1                            935     200     512       1   .bss        
     TaskStackvTask2                            B35     200     512       1   .bss        
     knl_taskindp                               D35       2       2       2   .bss        
     knl_tmp_stack                              D37     200     512       1   .bss        
     knl_dispatch_disabled                      F37       2       2       4   .common     
     knl_ctxtsk                                 F39       2       2      12   .common     
     knl_schedtsk                               F3B       2       2       6   .common     
     knl_ready_queue                            F3D      8A     138       4   .common     
     knl_taskmode                               FC7       2       2       2   .common     
     _Startup                                  C000       B      11       0   .init       
     _BSHRU                                    C015       8       8       3   NON_BANKED  
     l_dispatch0                               C01D      28      40       2   NON_BANKED  
     knl_force_dispatch                        C045      13      19       6   NON_BANKED  
     knl_dispatch_entry                        C058      1E      30       1   NON_BANKED  
     knl_systick_handler                       C076       6       6       1   NON_BANKED  
     _Vector_7                                 FFF0       2       2       0   .abs_section_fff0
     _Vector_4                                 FFF6       2       2       0   .abs_section_fff6
     main                                    208000       6       6       2   .text       
     Init                                    208006      29      41       2   .text       
     memset                                  20802F      18      24       2   .text       
     StartOS                                 208047      13      19       2   .text       
     TerminateTask                           20805A      3F      63       2   .text       
     ChainTask                               208099      6F     111       2   .text       
     knl_ready_queue_initialize              208108      43      67       2   .text       
     knl_ready_queue_top                     20814B      16      22       2   .text       
     knl_ready_queue_insert                  208161      51      81       2   .text       
     knl_ready_queue_delete                  2081B2      89     137       2   .text       
     TaskMainvTask1                          20823B       5       5       2   .text       
     TaskMainvTask2                          208240       6       6       2   .text       
     knl_task_initialize                     208246      18      24       2   .text       
     knl_make_dormant                        20825E      21      33       6   .text       
     knl_make_ready                          20827F      1E      30       4   .text       
     knl_make_non_ready                      20829D      1E      30       4   .text       
     knl_tasks_autostart                     2082BB      31      49       2   .text       
     knl_tstdlib_bitclr                      2082EC      24      36       2   .text       
     knl_tstdlib_bitset                      208310      23      35       2   .text       
     knl_tstdlib_bitsearch1                  208333      76     118       2   .text       
     knl_system_clock_init                   2083A9      1B      27       2   .text       
     knl_start_hw_timer                      2083C4       8       8       2   .text       
     knl_setup_context                       2083CC      2B      43       2   .text       
     knl_low_pow                             2083F7       1       1       2   .text       

*********************************************************************************************
UNUSED-OBJECTS SECTION
---------------------------------------------------------------------------------------------
NOT USED PROCEDURES
STRING.C.o (ansibi.lib):
  strerror memchr memcmp memcpy2 memcpy _memcpy_8bitCount memmove 
  _memset_clear_8bitCount strlen strset strcat strncat strcpy strncpy strcmp 
  strncmp strchr strrchr strspn strcspn strpbrk strstr strtok strcoll strxfrm 
rtshc12.c.o (ansibi.lib):
  _BSHL _BSHRS _BDIVMODU _BDIVMODS _ISHL _ISHRU _ISHRS _LSHL _LSHRU _LSHRS 
  _LADD _LSUB _LAND _LOR _LXOR _LCMP _LCMP_P _LCMP_PP _LNEG _LCOM _LINC _LDEC 
  _LMUL _LMULU16x32 _LMULS16x32 _lDivMod _LDIVU _NEG_P _LDIVS _LMODU _LMODS 
  _ILSEXT _COPY _CASE_DIRECT _CASE_DIRECT_BYTE _CASE_CHECKED _CASE_CHECKED_BYTE 
  _CASE_SEARCH _CASE_SEARCH_BYTE _CASE_SEARCH_8 _CASE_SEARCH_8_BYTE _FCALL 
  _FPCMP 
osek_osctrl.c.o:
  ShutdownOS 
osek_task.c.o:
  ActivateTask Schedule GetTaskID GetTaskState 
knl_misc.c.o:
  QueRemoveNext knl_ready_queue_insert_top knl_ready_queue_rotate 
  knl_ready_queue_move_last 
osek_cfg.c.o:
  AlarmCbkvAlarm1 AlarmCbkvAlarm2 
knl_task.c.o:
  knl_reschedule 
vPort.c.o:
  disint enaint knl_getPRIMASK 
NOT USED VARIABLES
STRING.C.o (ansibi.lib):
  STRING..1 next.2 
rtshc12.c.o (ansibi.lib):
  _PowOfTwo_8 _PowOfTwo_16 _PowOfTwo_32 errno 

*********************************************************************************************
COPYDOWN SECTION
---------------------------------------------------------------------------------------------
------- ROM-ADDRESS: 0xC07C ---- SIZE       4 ---
Filling bytes inserted
 000C0908
------- ROM-ADDRESS: 0xC080 ---- RAM-ADDRESS: 0x908 ---- SIZE       5 ---
Name of initialized Object : knl_tcb_table:8
 11823B2002
------- ROM-ADDRESS: 0xC085 ---- SIZE       5 ---
Filling bytes inserted
 0000000000
------- ROM-ADDRESS: 0xC08A ---- RAM-ADDRESS: 0x912 ---- SIZE       2 ---
Name of initialized Object : knl_tcb_table:18
 0B31
------- ROM-ADDRESS: 0xC08C ---- SIZE       4 ---
Filling bytes inserted
 0017091E
------- ROM-ADDRESS: 0xC090 ---- RAM-ADDRESS: 0x91E ---- SIZE      16 ---
Name of initialized Object : knl_tcb_table:30
 0100000011 8240200200 010100000D
 31
------- ROM-ADDRESS: 0xC0A0 ---- SIZE       6 ---
Filling bytes inserted
 0000000000 00
------- ROM-ADDRESS: 0xC0A6 ---- RAM-ADDRESS: 0x934 ---- SIZE       1 ---
Name of initialized Object : l_sp_offset
 18
------- ROM-ADDRESS: 0xC0A7 ---- SIZE       2 ---
Filling bytes inserted
 0000

*********************************************************************************************
OBJECT-DEPENDENCIES SECTION
---------------------------------------------------------------------------------------------
knl_tcb_table             USES TaskMainvTask1 TaskStackvTask1 TaskMainvTask2 
                                TaskStackvTask2 
_Startup                  USES __SEG_END_SSTACK Init main 
l_dispatch0               USES knl_schedtsk knl_low_pow knl_ctxtsk 
                                knl_dispatch_disabled l_sp_offset knl_taskmode 
knl_force_dispatch        USES knl_tmp_stack knl_dispatch_disabled knl_ctxtsk 
                                l_dispatch0 
knl_dispatch_entry        USES knl_dispatch_disabled knl_taskmode knl_ctxtsk 
                                l_sp_offset l_dispatch0 
knl_systick_handler       USES _CRGFLG 
_Vector_7                 USES knl_systick_handler 
_Vector_4                 USES knl_dispatch_entry 
main                      USES StartOS 
Init                      USES _startupData 
StartOS                   USES knl_system_clock_init knl_tasks_autostart 
                                knl_start_hw_timer knl_force_dispatch 
TerminateTask             USES knl_taskindp knl_ctxtsk knl_make_non_ready 
                                knl_make_dormant knl_force_dispatch 
ChainTask                 USES knl_tcb_table knl_taskindp knl_ctxtsk 
                                knl_make_non_ready knl_make_dormant knl_make_ready 
                                knl_force_dispatch 
knl_ready_queue_initialize USES memset 
knl_ready_queue_insert    USES knl_tstdlib_bitset 
knl_ready_queue_delete    USES knl_tstdlib_bitclr knl_tstdlib_bitsearch1 
TaskMainvTask1            USES TerminateTask 
TaskMainvTask2            USES ChainTask 
knl_task_initialize       USES knl_schedtsk knl_ctxtsk knl_ready_queue 
                                knl_ready_queue_initialize knl_dispatch_disabled 
knl_make_dormant          USES knl_setup_context 
knl_make_ready            USES knl_ready_queue knl_ready_queue_insert 
                                knl_schedtsk 
knl_make_non_ready        USES knl_ready_queue knl_ready_queue_delete 
                                knl_schedtsk knl_ready_queue_top 
knl_tasks_autostart       USES knl_task_initialize knl_tcb_table 
                                knl_make_dormant knl_make_ready 
knl_tstdlib_bitclr        USES _BSHRU 
knl_tstdlib_bitset        USES _BSHRU 
knl_tstdlib_bitsearch1    USES _BSHRU 
knl_system_clock_init     USES _CRGINT _CLKSEL _SYNR _REFDV _PLLCTL _CRGFLG 
knl_start_hw_timer        USES _CRGINT _RTICTL 

*********************************************************************************************
DEPENDENCY TREE
*********************************************************************************************
 main and _Startup Group
 | 
 +- main                
 |  | 
 |  +- StartOS             
 |     | 
 |     +- knl_system_clock_init
 |     |    
 |     +- knl_tasks_autostart 
 |     |  | 
 |     |  +- knl_task_initialize 
 |     |  |  | 
 |     |  |  +- knl_ready_queue_initialize
 |     |  |     | 
 |     |  |     +- memset              
 |     |  |          
 |     |  +- knl_tcb_table       
 |     |  |  | 
 |     |  |  +- TaskMainvTask1      
 |     |  |  |  | 
 |     |  |  |  +- TerminateTask       
 |     |  |  |     | 
 |     |  |  |     +- knl_make_non_ready  
 |     |  |  |     |  | 
 |     |  |  |     |  +- knl_ready_queue_delete
 |     |  |  |     |  |  | 
 |     |  |  |     |  |  +- knl_tstdlib_bitclr  
 |     |  |  |     |  |  |  | 
 |     |  |  |     |  |  |  +- _BSHRU              
 |     |  |  |     |  |  |       
 |     |  |  |     |  |  +- knl_tstdlib_bitsearch1
 |     |  |  |     |  |     | 
 |     |  |  |     |  |     +- _BSHRU               (see above)
 |     |  |  |     |  |        
 |     |  |  |     |  +- knl_ready_queue_top 
 |     |  |  |     |       
 |     |  |  |     +- knl_make_dormant    
 |     |  |  |     |  | 
 |     |  |  |     |  +- knl_setup_context   
 |     |  |  |     |       
 |     |  |  |     +- knl_force_dispatch  
 |     |  |  |        | 
 |     |  |  |        +- l_dispatch0         
 |     |  |  |           | 
 |     |  |  |           +- knl_low_pow         
 |     |  |  |                
 |     |  |  +- TaskMainvTask2       (recursive dependency)
 |     |  |     | 
 |     |  |     +- ChainTask            (recursive dependency)
 |     |  |        | 
 |     |  |        +- knl_tcb_table        (see above)
 |     |  |        |  
 |     |  |        +- knl_make_non_ready   (see above)
 |     |  |        |  
 |     |  |        +- knl_make_dormant     (see above)
 |     |  |        |  
 |     |  |        +- knl_make_ready      
 |     |  |        |  | 
 |     |  |        |  +- knl_ready_queue_insert
 |     |  |        |     | 
 |     |  |        |     +- knl_tstdlib_bitset  
 |     |  |        |        | 
 |     |  |        |        +- _BSHRU               (see above)
 |     |  |        |           
 |     |  |        +- knl_force_dispatch   (see above)
 |     |  |           
 |     |  +- knl_make_dormant     (see above)
 |     |  |  
 |     |  +- knl_make_ready       (see above)
 |     |     
 |     +- knl_start_hw_timer  
 |     |    
 |     +- knl_force_dispatch   (see above)
 |        
 +- _Startup            
    | 
    +- Init                
    |    
    +- main                 (see above)
       
 _Vector_4           
 | 
 +- knl_dispatch_entry  
    | 
    +- l_dispatch0          (see above)
       
 _Vector_7           
 | 
 +- knl_systick_handler 
      
*********************************************************************************************
STATISTIC SECTION
---------------------------------------------------------------------------------------------

ExeFile:
--------
Number of blocks to be downloaded: 8
Total size of all blocks to be downloaded: 1191

